unique_ids,v_gene,d_gene,j_gene,fv_insertion,vd_insertion,dj_insertion,jf_insertion,v_5p_del,v_3p_del,d_5p_del,d_3p_del,j_5p_del,j_3p_del,score,seqs,errors
2505732031017111968,IGHV3-33*03,IGHD3-10*01,IGHJ4*02,,,G,,0,0,3,12,0,0,-136.599,CAGGTGCAGCTGGTGGAGTCCGGGGGAGCCGTGGTCCAGTTTGGGAGGTGCTTGAGACTCTCCTGTGCAGCGTCTGGATCCACTTCCAGTAGTTATGGCATGCACTGGGTCCGTCAGGCTCCAGGCAAGGGGCTGGAGTGGGTAGCAGTTATATGGTATGATCGAAGTAATGAATACTATGCAGACTCCGTGAGGGGCCGATTCATCGTCTCCGGGGATAACTCCAATAACACGGTGTATCTGCAAATGAACAGCCTGAGAATAGAGGACACGGCTGTTTATTACTGTGCGAAGGATTACTATGGTTGGGGGGACTCCTTTGACTACTGGGGCCTGGGAACAGTGGTCACCGTCTCCTCAG,
2505732031017111968,IGHV3-33*03,IGHD3-10*01,IGHJ4*02,,,G,,0,1,2,12,0,0,-138.439,CAGGTGCAGCTGGTGGAGTCCGGGGGAGCCGTGGTCCAGTTTGGGAGGTGCTTGAGACTCTCCTGTGCAGCGTCTGGATCCACTTCCAGTAGTTATGGCATGCACTGGGTCCGTCAGGCTCCAGGCAAGGGGCTGGAGTGGGTAGCAGTTATATGGTATGATCGAAGTAATGAATACTATGCAGACTCCGTGAGGGGCCGATTCATCGTCTCCGGGGATAACTCCAATAACACGGTGTATCTGCAAATGAACAGCCTGAGAATAGAGGACACGGCTGTTTATTACTGTGCGAAGGATTACTATGGTTGGGGGGACTCCTTTGACTACTGGGGCCTGGGAACAGTGGTCACCGTCTCCTCAG,
2505732031017111968,IGHV3-33*03,IGHD3-10*01,IGHJ4*02,,,G,,0,3,0,12,0,0,-138.542,CAGGTGCAGCTGGTGGAGTCCGGGGGAGCCGTGGTCCAGTTTGGGAGGTGCTTGAGACTCTCCTGTGCAGCGTCTGGATCCACTTCCAGTAGTTATGGCATGCACTGGGTCCGTCAGGCTCCAGGCAAGGGGCTGGAGTGGGTAGCAGTTATATGGTATGATCGAAGTAATGAATACTATGCAGACTCCGTGAGGGGCCGATTCATCGTCTCCGGGGATAACTCCAATAACACGGTGTATCTGCAAATGAACAGCCTGAGAATAGAGGACACGGCTGTTTATTACTGTGCGAAGGATTACTATGGTTGGGGGGACTCCTTTGACTACTGGGGCCTGGGAACAGTGGTCACCGTCTCCTCAG,
8450808367783801721,IGHV1/OR15-2*03,IGHD3-10*01,IGHJ3*01,,CCCG,CTAGCGAC,,0,1,0,9,0,0,-180.195,CAGGTGCAGCTGATCCAATCCGGAGGTGAGGTGAAGAAGCCTAGGGGCTCAGTGAAGGTCTCCTGCGTGGCTTCTGGTTACACCTTTACCAGCTACTATATGCACTGGGTGTGACAGGCCCCTGAACAAGGGCTTGAGTGGATGGGATGGATCAGCGCTTACAATGGTAACACAAACTACCCACAGAAGCTCCAGGGCAGAGTCACCATGACCAGAGACACATCCACGAGCACACCGTACATGGAGATGAGCAGCCTGACATCTGGCGACAGGGGCATGTATTATTGTGGGAGAGCCCGGCATTACTATGGATCGGCGAATCTAGCGACTGCTGCCTTTGGAGACTGGGGCCAAGGGACCATGGTCACCGTCTCTTCAG,
8450808367783801721,IGHV1/OR15-2*03,IGHD3-10*01,IGHJ3*01,,CCG,CTAGCGAC,,0,0,0,9,0,0,-182.18,CAGGTGCAGCTGATCCAATCCGGAGGTGAGGTGAAGAAGCCTAGGGGCTCAGTGAAGGTCTCCTGCGTGGCTTCTGGTTACACCTTTACCAGCTACTATATGCACTGGGTGTGACAGGCCCCTGAACAAGGGCTTGAGTGGATGGGATGGATCAGCGCTTACAATGGTAACACAAACTACCCACAGAAGCTCCAGGGCAGAGTCACCATGACCAGAGACACATCCACGAGCACACCGTACATGGAGATGAGCAGCCTGACATCTGGCGACAGGGGCATGTATTATTGTGGGAGAGCCCGGCATTACTATGGATCGGCGAATCTAGCGACTGCTGCCTTTGGAGACTGGGGCCAAGGGACCATGGTCACCGTCTCTTCAG,
8450808367783801721,IGHV1/OR15-2*03,IGHD3-10*01,IGHJ3*01,,CCCG,ATCTAGCGAC,,0,1,0,11,0,0,-182.583,CAGGTGCAGCTGATCCAATCCGGAGGTGAGGTGAAGAAGCCTAGGGGCTCAGTGAAGGTCTCCTGCGTGGCTTCTGGTTACACCTTTACCAGCTACTATATGCACTGGGTGTGACAGGCCCCTGAACAAGGGCTTGAGTGGATGGGATGGATCAGCGCTTACAATGGTAACACAAACTACCCACAGAAGCTCCAGGGCAGAGTCACCATGACCAGAGACACATCCACGAGCACACCGTACATGGAGATGAGCAGCCTGACATCTGGCGACAGGGGCATGTATTATTGTGGGAGAGCCCGGCATTACTATGGATCGGCGAATCTAGCGACTGCTGCCTTTGGAGACTGGGGCCAAGGGACCATGGTCACCGTCTCTTCAG,
