unique_ids,score,errors
2505732031017111968:8746024070198857930,20.0274,
2505732031017111968:8746024070198857930,-85.3647,
