unique_ids,v_gene,d_gene,j_gene,fv_insertion,vd_insertion,dj_insertion,jf_insertion,v_5p_del,v_3p_del,d_5p_del,d_3p_del,j_5p_del,j_3p_del,score,seqs,errors
2505732031017111968:8746024070198857930,IGHV3-33*03,IGHD3-10*01,IGHJ4*02,,,G,,0,0,3,12,0,0,-276.15,CAGGTGCAGCTGGTGGAGTCCGGGGGAGCCGTGGTCCAGTTTGGGAGGTGCTTGAGACTCTCCTGTGCAGCGTCTGGATCCACTTCCAGTAGTTATGGCATGCACTGGGTCCGTCAGGCTCCAGGCAAGGGGCTGGAGTGGGTAGCAGTTATATGGTATGATCGAAGTAATGAATACTATGCAGACTCCGTGAGGGGCCGATTCATCGTCTCCGGGGATAACTCCAATAACACGGTGTATCTGCAAATGAACAGCCTGAGAATAGAGGACACGGCTGTTTATTACTGTGCGAAGGATTACTATGGTTGGGGGGACTCCTTTGACTACTGGGGCCTGGGAACAGTGGTCACCGTCTCCTCAG:CAGGTGCTGCTGGTGGAGTCTGGGGGAGCCGTGGTCCAGCCTGGCAGGTCCCTGAGACTCTCTTGTGCAGCGTCAGGATTCACCTTCAGTAGCTATGGCATGCATCGCGTCCGCCAGGCACCAGACAAGGGGCTGGAGTGGGTGGCAGTTATATGGAATGATGGAAGTAATAAATACTATGGGGACTCCATGAAGGGCCCATTCACCATCTCCAGTGACAACCCCAAGAACACGCTGTATGTGTAAATGACCAGCCTGAGACCCGACGACACGGCTATAAATTACTGTGTGAAAGATTTCTGTTGGTCGGGGGACTCCTTTGATTACTGGGGCCAGGGAACACGGGTTACCGTCTCCTCAG,
2505732031017111968:8746024070198857930,IGHV3-33*03,IGHD3-10*01,IGHJ4*02,,,G,,0,1,2,12,0,0,-278.122,CAGGTGCAGCTGGTGGAGTCCGGGGGAGCCGTGGTCCAGTTTGGGAGGTGCTTGAGACTCTCCTGTGCAGCGTCTGGATCCACTTCCAGTAGTTATGGCATGCACTGGGTCCGTCAGGCTCCAGGCAAGGGGCTGGAGTGGGTAGCAGTTATATGGTATGATCGAAGTAATGAATACTATGCAGACTCCGTGAGGGGCCGATTCATCGTCTCCGGGGATAACTCCAATAACACGGTGTATCTGCAAATGAACAGCCTGAGAATAGAGGACACGGCTGTTTATTACTGTGCGAAGGATTACTATGGTTGGGGGGACTCCTTTGACTACTGGGGCCTGGGAACAGTGGTCACCGTCTCCTCAG:CAGGTGCTGCTGGTGGAGTCTGGGGGAGCCGTGGTCCAGCCTGGCAGGTCCCTGAGACTCTCTTGTGCAGCGTCAGGATTCACCTTCAGTAGCTATGGCATGCATCGCGTCCGCCAGGCACCAGACAAGGGGCTGGAGTGGGTGGCAGTTATATGGAATGATGGAAGTAATAAATACTATGGGGACTCCATGAAGGGCCCATTCACCATCTCCAGTGACAACCCCAAGAACACGCTGTATGTGTAAATGACCAGCCTGAGACCCGACGACACGGCTATAAATTACTGTGTGAAAGATTTCTGTTGGTCGGGGGACTCCTTTGATTACTGGGGCCAGGGAACACGGGTTACCGTCTCCTCAG,
2505732031017111968:8746024070198857930,IGHV3-33*03,IGHD3-10*01,IGHJ4*02,,,GG,,0,0,3,13,0,0,-278.123,CAGGTGCAGCTGGTGGAGTCCGGGGGAGCCGTGGTCCAGTTTGGGAGGTGCTTGAGACTCTCCTGTGCAGCGTCTGGATCCACTTCCAGTAGTTATGGCATGCACTGGGTCCGTCAGGCTCCAGGCAAGGGGCTGGAGTGGGTAGCAGTTATATGGTATGATCGAAGTAATGAATACTATGCAGACTCCGTGAGGGGCCGATTCATCGTCTCCGGGGATAACTCCAATAACACGGTGTATCTGCAAATGAACAGCCTGAGAATAGAGGACACGGCTGTTTATTACTGTGCGAAGGATTACTATGGTTGGGGGGACTCCTTTGACTACTGGGGCCTGGGAACAGTGGTCACCGTCTCCTCAG:CAGGTGCTGCTGGTGGAGTCTGGGGGAGCCGTGGTCCAGCCTGGCAGGTCCCTGAGACTCTCTTGTGCAGCGTCAGGATTCACCTTCAGTAGCTATGGCATGCATCGCGTCCGCCAGGCACCAGACAAGGGGCTGGAGTGGGTGGCAGTTATATGGAATGATGGAAGTAATAAATACTATGGGGACTCCATGAAGGGCCCATTCACCATCTCCAGTGACAACCCCAAGAACACGCTGTATGTGTAAATGACCAGCCTGAGACCCGACGACACGGCTATAAATTACTGTGTGAAAGATTTCTGTTGGTCGGGGGACTCCTTTGATTACTGGGGCCAGGGAACACGGGTTACCGTCTCCTCAG,
2505732031017111968:8746024070198857930,IGHV3-33*06,IGHD3-10*01,IGHJ3*02,,,,,0,2,1,12,1,0,-1065.03,CAGGTGCAGCTGGTGGAGTCCGGGGGAGCCGTGGTCCAGTTTGGGAGGTGCTTGAGACTCTCCTGTGCAGCGTCTGGATCCACTTCCAGTAGTTATGGCATGCACTGGGTCCGTCAGGCTCCAGGCAAGGGGCTGGAGTGGGTAGCAGTTATATGGTATGATCGAAGTAATGAATACTATGCAGACTCCGTGAGGGGCCGATTCATCGTCTCCGGGGATAACTCCAATAACACGGTGTATCTGCAAATGAACAGCCTGAGAATAGAGGACACGGCTGTTTATTACTGTGCGAAGGATTACTATGGTTGGGGGGACTCCTTTGACTACTGGGGCCTGGGAACAGTGGTCACCGTCTCCTCAG:TCCGGAGGTGAGGTGAAGAAGCCTAGGGGCTCAGTGAAGGTCTCCTGCGTGGCTTCTGGTTACACCTTTACCAGCTACTATATGCACTGGGTGTGACAGGCCCCTGAACAAGGGCTTGAGTGGATGGGATGGATCAGCGCTTACAATGGTAACACAAACTACCCACAGAAGCTCCAGGGCAGAGTCACCATGACCAGAGACACATCCACGAGCACACCGTACATGGAGATGAGCAGCCTGACATCTGGCGACAGGGGCATGTATTATTGTGGGAGAGCCCGGCATTACTATGGATCGGCGAATCTAGCGACTGCTGCCTTTGGAGACTGGGGCCAAGGGACCATGGTCACCGTCTCTTCAG,
2505732031017111968:8746024070198857930,IGHV3-33*06,IGHD3-10*01,IGHJ3*02,,,,,0,0,3,12,1,0,-1065.8,CAGGTGCAGCTGGTGGAGTCCGGGGGAGCCGTGGTCCAGTTTGGGAGGTGCTTGAGACTCTCCTGTGCAGCGTCTGGATCCACTTCCAGTAGTTATGGCATGCACTGGGTCCGTCAGGCTCCAGGCAAGGGGCTGGAGTGGGTAGCAGTTATATGGTATGATCGAAGTAATGAATACTATGCAGACTCCGTGAGGGGCCGATTCATCGTCTCCGGGGATAACTCCAATAACACGGTGTATCTGCAAATGAACAGCCTGAGAATAGAGGACACGGCTGTTTATTACTGTGCGAAGGATTACTATGGTTGGGGGGACTCCTTTGACTACTGGGGCCTGGGAACAGTGGTCACCGTCTCCTCAG:TCCGGAGGTGAGGTGAAGAAGCCTAGGGGCTCAGTGAAGGTCTCCTGCGTGGCTTCTGGTTACACCTTTACCAGCTACTATATGCACTGGGTGTGACAGGCCCCTGAACAAGGGCTTGAGTGGATGGGATGGATCAGCGCTTACAATGGTAACACAAACTACCCACAGAAGCTCCAGGGCAGAGTCACCATGACCAGAGACACATCCACGAGCACACCGTACATGGAGATGAGCAGCCTGACATCTGGCGACAGGGGCATGTATTATTGTGGGAGAGCCCGGCATTACTATGGATCGGCGAATCTAGCGACTGCTGCCTTTGGAGACTGGGGCCAAGGGACCATGGTCACCGTCTCTTCAG,
2505732031017111968:8746024070198857930,IGHV3-33*06,IGHD3-10*01,IGHJ3*02,,G,,,0,3,1,12,1,0,-1066.69,CAGGTGCAGCTGGTGGAGTCCGGGGGAGCCGTGGTCCAGTTTGGGAGGTGCTTGAGACTCTCCTGTGCAGCGTCTGGATCCACTTCCAGTAGTTATGGCATGCACTGGGTCCGTCAGGCTCCAGGCAAGGGGCTGGAGTGGGTAGCAGTTATATGGTATGATCGAAGTAATGAATACTATGCAGACTCCGTGAGGGGCCGATTCATCGTCTCCGGGGATAACTCCAATAACACGGTGTATCTGCAAATGAACAGCCTGAGAATAGAGGACACGGCTGTTTATTACTGTGCGAAGGATTACTATGGTTGGGGGGACTCCTTTGACTACTGGGGCCTGGGAACAGTGGTCACCGTCTCCTCAG:TCCGGAGGTGAGGTGAAGAAGCCTAGGGGCTCAGTGAAGGTCTCCTGCGTGGCTTCTGGTTACACCTTTACCAGCTACTATATGCACTGGGTGTGACAGGCCCCTGAACAAGGGCTTGAGTGGATGGGATGGATCAGCGCTTACAATGGTAACACAAACTACCCACAGAAGCTCCAGGGCAGAGTCACCATGACCAGAGACACATCCACGAGCACACCGTACATGGAGATGAGCAGCCTGACATCTGGCGACAGGGGCATGTATTATTGTGGGAGAGCCCGGCATTACTATGGATCGGCGAATCTAGCGACTGCTGCCTTTGGAGACTGGGGCCAAGGGACCATGGTCACCGTCTCTTCAG,
