unique_ids,score,errors
2505732031017111968:8746024070198857930:-7232971543070296358,-100.486,
2505732031017111968:8746024070198857930:-897819495470283092,41.166,
